// Jest Snapshot v1, https://goo.gl/fbAQLP

exports[`<App /> Verificar las Citas en el DOM 1`] = `
Array [
  <div
    class="cita"
    data-testid="cita"
  >
    <p>
      Mascota: 
      <span>
        Hook
      </span>
       
    </p>
    <p>
      Dueño: 
      <span>
        Alfonso
      </span>
       
    </p>
    <p>
      Fecha: 
      <span>
        2021-09-10
      </span>
       
    </p>
    <p>
      Hora: 
      <span>
        10:30
      </span>
       
    </p>
    <p>
      Sintomas: 
      <span>
        Solo duerme
      </span>
       
    </p>
    <button
      class="button eliminar u-full-width"
    >
      Eliminar ×
    </button>
  </div>,
  <div
    class="cita"
    data-testid="cita"
  >
    <p>
      Mascota: 
      <span>
        Hook 2
      </span>
       
    </p>
    <p>
      Dueño: 
      <span>
        Alfonso
      </span>
       
    </p>
    <p>
      Fecha: 
      <span>
        2021-09-10
      </span>
       
    </p>
    <p>
      Hora: 
      <span>
        10:30
      </span>
       
    </p>
    <p>
      Sintomas: 
      <span>
        Solo duerme
      </span>
       
    </p>
    <button
      class="button eliminar u-full-width"
    >
      Eliminar ×
    </button>
  </div>,
]
`;
